18:26:38 **** Incremental Build of configuration Debug for project ex2 ****
make -j8 all 
arm-none-eabi-gcc "../Core/Src/main.c" -mcpu=cortex-m3 -std=gnu11 -g -DDEBUG -DUSE_HAL_DRIVER -DSTM32F103x6 -c -I../Drivers/CMSIS/Device/ST/STM32F1xx/Include -I../Drivers/CMSIS/Include -I../Core/Inc -I../Drivers/STM32F1xx_HAL_Driver/Inc/Legacy -I../Drivers/STM32F1xx_HAL_Driver/Inc -O0 -ffunction-sections -fdata-sections -Wall -fstack-usage -MMD -MP -MF"Core/Src/main.d" -MT"Core/Src/main.o" --specs=nano.specs -mfloat-abi=soft -mthumb -o "Core/Src/main.o"
arm-none-eabi-gcc -o "ex2.elf" @"objects.list"   -mcpu=cortex-m3 -T"D:\STM32\ex2\STM32F103C6UX_FLASH.ld" --specs=nosys.specs -Wl,-Map="ex2.map" -Wl,--gc-sections -static --specs=nano.specs -mfloat-abi=soft -mthumb -Wl,--start-group -lc -lm -Wl,--end-group
Finished building target: ex2.elf
 
arm-none-eabi-size   ex2.elf 
arm-none-eabi-objdump -h -S  ex2.elf  > "ex2.list"
arm-none-eabi-objcopy  -O ihex  ex2.elf  "ex2.hex"
   text	   data	    bss	    dec	    hex	filename
   4688	     20	   1572	   6280	   1888	ex2.elf
arm-none-eabi-objcopy  -O binary  ex2.elf  "ex2.bin"
Finished building: default.size.stdout
 
Finished building: ex2.hex
Finished building: ex2.bin
Finished building: ex2.list
 
 
 

18:26:38 Build Finished. 0 errors, 0 warnings. (took 404ms)

