20:55:50 **** Incremental Build of configuration Debug for project ex5 ****
make -j8 all 
arm-none-eabi-gcc "../Core/Src/main.c" -mcpu=cortex-m3 -std=gnu11 -g3 -DDEBUG -DUSE_HAL_DRIVER -DSTM32F103x6 -c -I../Core/Inc -I../Drivers/STM32F1xx_HAL_Driver/Inc -I../Drivers/STM32F1xx_HAL_Driver/Inc/Legacy -I../Drivers/CMSIS/Device/ST/STM32F1xx/Include -I../Drivers/CMSIS/Include -O0 -ffunction-sections -fdata-sections -Wall -fstack-usage -MMD -MP -MF"Core/Src/main.d" -MT"Core/Src/main.o" --specs=nano.specs -mfloat-abi=soft -mthumb -o "Core/Src/main.o"
arm-none-eabi-gcc -o "ex5.elf" @"objects.list"   -mcpu=cortex-m3 -T"D:\STM32\ex5\STM32F103C6UX_FLASH.ld" --specs=nosys.specs -Wl,-Map="ex5.map" -Wl,--gc-sections -static --specs=nano.specs -mfloat-abi=soft -mthumb -Wl,--start-group -lc -lm -Wl,--end-group
Finished building target: ex5.elf
 
arm-none-eabi-size   ex5.elf 
arm-none-eabi-objdump -h -S  ex5.elf  > "ex5.list"
arm-none-eabi-objcopy  -O ihex  ex5.elf  "ex5.hex"
   text	   data	    bss	    dec	    hex	filename
   5656	     20	   1572	   7248	   1c50	ex5.elf
arm-none-eabi-objcopy  -O binary  ex5.elf  "ex5.bin"
Finished building: default.size.stdout
 
Finished building: ex5.hex
Finished building: ex5.bin
 
 
Finished building: ex5.list
 

20:55:50 Build Finished. 0 errors, 0 warnings. (took 589ms)

